dbt-fusion 2.0.0-preview.218
   Loading profiles.yml
 Succeeded [  0.02s] seed  main.referrer_mapping (table)
    Passed [  0.01s] test  not_null_referrer_mapping_host
    Warned [  0.01s] test  unique_referrer_mapping_host (seeds/referrer_mapping.yml:8:13)

==================== Execution Summary =====================
Finished 'build' with 1 warning for target 'dev' [1.1s]
Processed: 2 tests | 1 seed
Summary: 3 total | 2 success | 1 warn
